<html>
<body>
<pre>
<h1>µVision Build Log</h1>
<h2>Tool Versions:</h2>
IDE-Version: µVision V5.39.0.0
Copyright (C) 2023 ARM Ltd and ARM Germany GmbH. All rights reserved.
License Information: Sasha Shevchenko, MNIPI, LIC=YA39H-WYK0N-HL4CL-04X7K-JFC8L-7VIC9
 
Tool Versions:
Toolchain:       MDK-ARM Plus  Version: 5.39.0.0
Toolchain Path:  C:\Keil_v5\ARM\ARMCLANG\Bin
C Compiler:      ArmClang.exe V6.21
Assembler:       Armasm.exe V6.21
Linker/Locator:  ArmLink.exe V6.21
Library Manager: ArmAr.exe V6.21
Hex Converter:   FromElf.exe V6.21
CPU DLL:         SARMCM3.DLL V5.39.0.0
Dialog DLL:      DCM.DLL V1.17.5.0
Target DLL:      STLink\ST-LINKIII-KEIL_SWO.dll V3.2.0.0
Dialog DLL:      TCM.DLL V1.56.4.0
 
<h2>Project:</h2>
D:\My\Prog\GitHub\Work\Tool2E450\sources\Device\Device.uvprojx
Project File Date:  02/09/2025

<h2>Output:</h2>
*** Using Compiler 'V6.21', folder: 'C:\Keil_v5\ARM\ARMCLANG\Bin'
Rebuild Project 'Device' - Target 'Debug'
assembling startup_stm32f407xx.s...
compiling stm32f4xx_hal_crc.c...
compiling stm32f4xx_hal.c...
compiling stm32f4xx_hal_flash_ex.c...
compiling stm32f4xx_hal_i2c.c...
compiling stm32f4xx_hal_cortex.c...
compiling stm32f4xx_hal_dma.c...
compiling stm32f4xx_hal_gpio.c...
compiling stm32f4xx_hal_flash.c...
compiling HAL_TIM.cpp...
compiling stm32f4xx_hal_pcd.c...
compiling stm32f4xx_hal_pcd_ex.c...
compiling HAL_SPI1_d.cpp...
compiling stm32f4xx_hal_nor.c...
compiling main_d.cpp...
compiling system_stm32f4xx.c...
compiling stm32f4xx_ll_usb.c...
compiling HAL_IT.cpp...
compiling stm32f4xx_hal_hcd.c...
compiling stm32f4xx_hal_rcc.c...
compiling HAL_TIM2.cpp...
compiling HAL_TIM3.cpp...
compiling HAL.cpp...
compiling HAL_PINS.cpp...
compiling stm32f4xx_hal_tim_ex.c...
compiling Timer.cpp...
compiling stm32f4xx_hal_spi.c...
compiling stm32f4xx_hal_tim.c...
linking...
Program Size: Code=8938 RO-data=450 RW-data=12 ZI-data=123580  
FromELF: creating hex file...
".\Objects\Device2.axf" - 0 Error(s), 0 Warning(s).

<h2>Software Packages used:</h2>

Package Vendor: Keil
                https://www.keil.com/pack/Keil.STM32F4xx_DFP.2.17.1.pack
                Keil::STM32F4xx_DFP@2.17.1
                STMicroelectronics STM32F4 Series Device Support, Drivers and Examples

<h2>Collection of Component include folders:</h2>
  C:/Users/Sasha/AppData/Local/Arm/Packs/Keil/STM32F4xx_DFP/2.17.1/Drivers/CMSIS/Device/ST/STM32F4xx/Include

<h2>Collection of Component Files used:</h2>
Build Time Elapsed:  00:00:01
</pre>
</body>
</html>
